#-----------------------------------------------------------
# Webtalk v2018.2 (64-bit)
# SW Build 2258646 on Thu Jun 14 20:03:12 MDT 2018
# IP Build 2256618 on Thu Jun 14 22:10:49 MDT 2018
# Start of session at: Mon Mar 18 10:42:15 2024
# Process ID: 19168
# Current directory: C:/Users/guan-ming.dennis-won/Reset_Synchronizer/Reset_Synchronizer.sim/sim_1/behav/xsim
# Command line: wbtcv.exe -mode batch -source C:/Users/guan-ming.dennis-won/Reset_Synchronizer/Reset_Synchronizer.sim/sim_1/behav/xsim/xsim.dir/my_sim_behav/webtalk/xsim_webtalk.tcl -notrace
# Log file: C:/Users/guan-ming.dennis-won/Reset_Synchronizer/Reset_Synchronizer.sim/sim_1/behav/xsim/webtalk.log
# Journal file: C:/Users/guan-ming.dennis-won/Reset_Synchronizer/Reset_Synchronizer.sim/sim_1/behav/xsim\webtalk.jou
#-----------------------------------------------------------
source C:/Users/guan-ming.dennis-won/Reset_Synchronizer/Reset_Synchronizer.sim/sim_1/behav/xsim/xsim.dir/my_sim_behav/webtalk/xsim_webtalk.tcl -notrace
